  Source.cpp
D:\college\курсач\proba\proba\Source.cpp(324,19): warning C4267: инициализация: преобразование из "size_t" в "int"; возможна потеря данных
D:\college\курсач\proba\proba\Source.cpp(803,26): warning C4244: инициализация: преобразование "__int64" в "int", возможна потеря данных
D:\college\курсач\proba\proba\Source.cpp(804,25): warning C4244: инициализация: преобразование "__int64" в "int", возможна потеря данных
D:\college\курсач\proba\proba\Source.cpp(925,43): warning C4244: аргумент: преобразование "float" в "T", возможна потеря данных
D:\college\курсач\proba\proba\Source.cpp(925,43): warning C4244:         with
D:\college\курсач\proba\proba\Source.cpp(925,43): warning C4244:         [
D:\college\курсач\proba\proba\Source.cpp(925,43): warning C4244:             T=int
D:\college\курсач\proba\proba\Source.cpp(925,43): warning C4244:         ]
D:\college\курсач\proba\proba\Source.cpp(951,60): warning C4244: =: преобразование "float" в "T", возможна потеря данных
D:\college\курсач\proba\proba\Source.cpp(951,60): warning C4244:         with
D:\college\курсач\proba\proba\Source.cpp(951,60): warning C4244:         [
D:\college\курсач\proba\proba\Source.cpp(951,60): warning C4244:             T=int
D:\college\курсач\proba\proba\Source.cpp(951,60): warning C4244:         ]
D:\college\курсач\proba\proba\Source.cpp(1790,37): warning C4305: аргумент: усечение из "double" в "T"
D:\college\курсач\proba\proba\Source.cpp(1790,37): warning C4305:         with
D:\college\курсач\proba\proba\Source.cpp(1790,37): warning C4305:         [
D:\college\курсач\proba\proba\Source.cpp(1790,37): warning C4305:             T=float
D:\college\курсач\proba\proba\Source.cpp(1790,37): warning C4305:         ]
D:\college\курсач\proba\proba\Source.cpp(1790,30): warning C4305: аргумент: усечение из "double" в "T"
D:\college\курсач\proba\proba\Source.cpp(1790,30): warning C4305:         with
D:\college\курсач\proba\proba\Source.cpp(1790,30): warning C4305:         [
D:\college\курсач\proba\proba\Source.cpp(1790,30): warning C4305:             T=float
D:\college\курсач\proba\proba\Source.cpp(1790,30): warning C4305:         ]
D:\college\курсач\proba\proba\Source.cpp(1791,26): warning C4305: аргумент: усечение из "double" в "T"
D:\college\курсач\proba\proba\Source.cpp(1791,26): warning C4305:         with
D:\college\курсач\proba\proba\Source.cpp(1791,26): warning C4305:         [
D:\college\курсач\proba\proba\Source.cpp(1791,26): warning C4305:             T=float
D:\college\курсач\proba\proba\Source.cpp(1791,26): warning C4305:         ]
D:\college\курсач\proba\proba\Source.cpp(1791,20): warning C4305: аргумент: усечение из "double" в "T"
D:\college\курсач\proba\proba\Source.cpp(1791,20): warning C4305:         with
D:\college\курсач\proba\proba\Source.cpp(1791,20): warning C4305:         [
D:\college\курсач\proba\proba\Source.cpp(1791,20): warning C4305:             T=float
D:\college\курсач\proba\proba\Source.cpp(1791,20): warning C4305:         ]
D:\college\курсач\proba\proba\Source.cpp(2166,39): warning C4244: аргумент: преобразование "int" в "float", возможна потеря данных
D:\college\курсач\proba\proba\Source.cpp(2715,35): warning C4244: аргумент: преобразование "int" в "float", возможна потеря данных
D:\college\курсач\proba\proba\Source.cpp(2936,15): warning C4244: аргумент: преобразование "time_t" в "unsigned int", возможна потеря данных
  proba.vcxproj -> D:\college\курсач\proba\x64\Debug\proba.exe
