  Source.cpp
D:\college\курсач\proba\proba\Source.cpp(321,19): warning C4267: инициализация: преобразование из "size_t" в "int"; возможна потеря данных
D:\college\курсач\proba\proba\Source.cpp(800,26): warning C4244: инициализация: преобразование "__int64" в "int", возможна потеря данных
D:\college\курсач\proba\proba\Source.cpp(801,25): warning C4244: инициализация: преобразование "__int64" в "int", возможна потеря данных
D:\college\курсач\proba\proba\Source.cpp(922,43): warning C4244: аргумент: преобразование "float" в "T", возможна потеря данных
D:\college\курсач\proba\proba\Source.cpp(922,43): warning C4244:         with
D:\college\курсач\proba\proba\Source.cpp(922,43): warning C4244:         [
D:\college\курсач\proba\proba\Source.cpp(922,43): warning C4244:             T=int
D:\college\курсач\proba\proba\Source.cpp(922,43): warning C4244:         ]
D:\college\курсач\proba\proba\Source.cpp(948,60): warning C4244: =: преобразование "float" в "T", возможна потеря данных
D:\college\курсач\proba\proba\Source.cpp(948,60): warning C4244:         with
D:\college\курсач\proba\proba\Source.cpp(948,60): warning C4244:         [
D:\college\курсач\proba\proba\Source.cpp(948,60): warning C4244:             T=int
D:\college\курсач\proba\proba\Source.cpp(948,60): warning C4244:         ]
D:\college\курсач\proba\proba\Source.cpp(1785,37): warning C4305: аргумент: усечение из "double" в "T"
D:\college\курсач\proba\proba\Source.cpp(1785,37): warning C4305:         with
D:\college\курсач\proba\proba\Source.cpp(1785,37): warning C4305:         [
D:\college\курсач\proba\proba\Source.cpp(1785,37): warning C4305:             T=float
D:\college\курсач\proba\proba\Source.cpp(1785,37): warning C4305:         ]
D:\college\курсач\proba\proba\Source.cpp(1785,30): warning C4305: аргумент: усечение из "double" в "T"
D:\college\курсач\proba\proba\Source.cpp(1785,30): warning C4305:         with
D:\college\курсач\proba\proba\Source.cpp(1785,30): warning C4305:         [
D:\college\курсач\proba\proba\Source.cpp(1785,30): warning C4305:             T=float
D:\college\курсач\proba\proba\Source.cpp(1785,30): warning C4305:         ]
D:\college\курсач\proba\proba\Source.cpp(1786,26): warning C4305: аргумент: усечение из "double" в "T"
D:\college\курсач\proba\proba\Source.cpp(1786,26): warning C4305:         with
D:\college\курсач\proba\proba\Source.cpp(1786,26): warning C4305:         [
D:\college\курсач\proba\proba\Source.cpp(1786,26): warning C4305:             T=float
D:\college\курсач\proba\proba\Source.cpp(1786,26): warning C4305:         ]
D:\college\курсач\proba\proba\Source.cpp(1786,20): warning C4305: аргумент: усечение из "double" в "T"
D:\college\курсач\proba\proba\Source.cpp(1786,20): warning C4305:         with
D:\college\курсач\proba\proba\Source.cpp(1786,20): warning C4305:         [
D:\college\курсач\proba\proba\Source.cpp(1786,20): warning C4305:             T=float
D:\college\курсач\proba\proba\Source.cpp(1786,20): warning C4305:         ]
D:\college\курсач\proba\proba\Source.cpp(2141,39): warning C4244: аргумент: преобразование "int" в "float", возможна потеря данных
D:\college\курсач\proba\proba\Source.cpp(2634,77): warning C4244: аргумент: преобразование "int" в "T", возможна потеря данных
D:\college\курсач\proba\proba\Source.cpp(2634,77): warning C4244:         with
D:\college\курсач\proba\proba\Source.cpp(2634,77): warning C4244:         [
D:\college\курсач\proba\proba\Source.cpp(2634,77): warning C4244:             T=float
D:\college\курсач\proba\proba\Source.cpp(2634,77): warning C4244:         ]
D:\college\курсач\proba\proba\Source.cpp(2634,56): warning C4244: аргумент: преобразование "int" в "T", возможна потеря данных
D:\college\курсач\proba\proba\Source.cpp(2634,56): warning C4244:         with
D:\college\курсач\proba\proba\Source.cpp(2634,56): warning C4244:         [
D:\college\курсач\proba\proba\Source.cpp(2634,56): warning C4244:             T=float
D:\college\курсач\proba\proba\Source.cpp(2634,56): warning C4244:         ]
D:\college\курсач\proba\proba\Source.cpp(2672,35): warning C4244: аргумент: преобразование "int" в "float", возможна потеря данных
D:\college\курсач\proba\proba\Source.cpp(2881,15): warning C4244: аргумент: преобразование "time_t" в "unsigned int", возможна потеря данных
  proba.vcxproj -> D:\college\курсач\proba\x64\Debug\proba.exe
